mode: set
robot_tracker_go/internal/config/config.go:91.44,92.18 1 0
robot_tracker_go/internal/config/config.go:92.18,94.3 1 0
robot_tracker_go/internal/config/config.go:95.2,95.15 1 0
robot_tracker_go/internal/config/config.go:161.41,163.16 2 1
robot_tracker_go/internal/config/config.go:163.16,165.3 1 1
robot_tracker_go/internal/config/config.go:167.2,168.51 2 1
robot_tracker_go/internal/config/config.go:168.51,170.3 1 0
robot_tracker_go/internal/config/config.go:172.2,172.18 1 1
robot_tracker_go/internal/config/config.go:175.58,176.26 1 1
robot_tracker_go/internal/config/config.go:176.26,177.33 1 1
robot_tracker_go/internal/config/config.go:177.33,179.4 1 1
robot_tracker_go/internal/config/config.go:181.2,181.12 1 1
robot_tracker_go/internal/config/config.go:184.59,185.26 1 1
robot_tracker_go/internal/config/config.go:185.26,186.31 1 1
robot_tracker_go/internal/config/config.go:186.31,188.4 1 0
robot_tracker_go/internal/config/config.go:190.2,190.12 1 1
robot_tracker_go/internal/config/config.go:193.51,194.27 1 0
robot_tracker_go/internal/config/config.go:194.27,195.62 1 0
robot_tracker_go/internal/config/config.go:195.62,197.4 1 0
robot_tracker_go/internal/config/config.go:199.2,199.24 1 0
robot_tracker_go/internal/config/config.go:199.24,201.3 1 0
robot_tracker_go/internal/config/config.go:202.2,202.12 1 0
robot_tracker_go/internal/position/estimator.go:55.134,65.64 2 1
robot_tracker_go/internal/position/estimator.go:65.64,66.62 1 0
robot_tracker_go/internal/position/estimator.go:66.62,68.4 1 0
robot_tracker_go/internal/position/estimator.go:71.2,71.60 1 1
robot_tracker_go/internal/position/estimator.go:71.60,72.58 1 0
robot_tracker_go/internal/position/estimator.go:72.58,74.4 1 0
robot_tracker_go/internal/position/estimator.go:77.2,77.17 1 1
robot_tracker_go/internal/position/estimator.go:80.64,82.16 2 0
robot_tracker_go/internal/position/estimator.go:82.16,84.3 1 0
robot_tracker_go/internal/position/estimator.go:86.2,87.59 2 0
robot_tracker_go/internal/position/estimator.go:87.59,89.3 1 0
robot_tracker_go/internal/position/estimator.go:91.2,91.82 1 0
robot_tracker_go/internal/position/estimator.go:91.82,94.72 2 0
robot_tracker_go/internal/position/estimator.go:94.72,95.46 1 0
robot_tracker_go/internal/position/estimator.go:95.46,97.44 2 0
robot_tracker_go/internal/position/estimator.go:97.44,99.6 1 0
robot_tracker_go/internal/position/estimator.go:103.3,103.53 1 0
robot_tracker_go/internal/position/estimator.go:103.53,105.4 1 0
robot_tracker_go/internal/position/estimator.go:106.3,106.55 1 0
robot_tracker_go/internal/position/estimator.go:106.55,108.4 1 0
robot_tracker_go/internal/position/estimator.go:111.2,111.101 1 0
robot_tracker_go/internal/position/estimator.go:111.101,115.57 4 0
robot_tracker_go/internal/position/estimator.go:115.57,121.4 1 0
robot_tracker_go/internal/position/estimator.go:124.2,124.59 1 0
robot_tracker_go/internal/position/estimator.go:124.59,126.3 1 0
robot_tracker_go/internal/position/estimator.go:128.2,129.12 2 0
robot_tracker_go/internal/position/estimator.go:132.62,134.16 2 0
robot_tracker_go/internal/position/estimator.go:134.16,136.3 1 0
robot_tracker_go/internal/position/estimator.go:138.2,139.54 2 0
robot_tracker_go/internal/position/estimator.go:139.54,141.3 1 0
robot_tracker_go/internal/position/estimator.go:143.2,144.9 2 0
robot_tracker_go/internal/position/estimator.go:144.9,146.3 1 0
robot_tracker_go/internal/position/estimator.go:148.2,149.9 2 0
robot_tracker_go/internal/position/estimator.go:149.9,151.3 1 0
robot_tracker_go/internal/position/estimator.go:153.2,153.40 1 0
robot_tracker_go/internal/position/estimator.go:153.40,155.10 2 0
robot_tracker_go/internal/position/estimator.go:155.10,156.12 1 0
robot_tracker_go/internal/position/estimator.go:159.3,161.43 2 0
robot_tracker_go/internal/position/estimator.go:161.43,163.4 1 0
robot_tracker_go/internal/position/estimator.go:165.3,165.61 1 0
robot_tracker_go/internal/position/estimator.go:165.61,166.71 1 0
robot_tracker_go/internal/position/estimator.go:166.71,171.5 1 0
robot_tracker_go/internal/position/estimator.go:172.4,172.75 1 0
robot_tracker_go/internal/position/estimator.go:172.75,177.5 1 0
robot_tracker_go/internal/position/estimator.go:180.3,180.63 1 0
robot_tracker_go/internal/position/estimator.go:180.63,181.72 1 0
robot_tracker_go/internal/position/estimator.go:181.72,186.5 1 0
robot_tracker_go/internal/position/estimator.go:187.4,187.76 1 0
robot_tracker_go/internal/position/estimator.go:187.76,192.5 1 0
robot_tracker_go/internal/position/estimator.go:195.3,195.46 1 0
robot_tracker_go/internal/position/estimator.go:198.2,199.12 2 0
robot_tracker_go/internal/position/estimator.go:202.71,203.29 1 1
robot_tracker_go/internal/position/estimator.go:203.29,205.3 1 1
robot_tracker_go/internal/position/estimator.go:206.2,206.77 1 1
robot_tracker_go/internal/position/estimator.go:209.68,210.29 1 1
robot_tracker_go/internal/position/estimator.go:210.29,212.3 1 1
robot_tracker_go/internal/position/estimator.go:213.2,213.41 1 1
robot_tracker_go/internal/position/estimator.go:216.71,217.18 1 1
robot_tracker_go/internal/position/estimator.go:217.18,218.34 1 1
robot_tracker_go/internal/position/estimator.go:218.34,220.4 1 1
robot_tracker_go/internal/position/estimator.go:221.3,224.9 4 1
robot_tracker_go/internal/position/estimator.go:227.2,227.33 1 1
robot_tracker_go/internal/position/estimator.go:227.33,229.3 1 1
robot_tracker_go/internal/position/estimator.go:229.8,234.3 4 1
robot_tracker_go/internal/position/estimator.go:237.63,238.54 1 1
robot_tracker_go/internal/position/estimator.go:238.54,240.3 1 1
robot_tracker_go/internal/position/estimator.go:241.2,241.12 1 1
robot_tracker_go/internal/position/estimator.go:244.55,246.2 1 1
robot_tracker_go/internal/position/estimator.go:248.60,250.2 1 1
robot_tracker_go/internal/position/estimator.go:252.46,254.2 1 1
robot_tracker_go/internal/position/estimator.go:256.84,259.32 2 0
robot_tracker_go/internal/position/estimator.go:259.32,267.27 8 0
robot_tracker_go/internal/position/estimator.go:267.27,269.4 1 0
robot_tracker_go/internal/position/estimator.go:272.2,272.54 1 0
robot_tracker_go/internal/position/estimator.go:275.57,277.2 1 1
robot_tracker_go/internal/position/estimator.go:279.49,281.2 1 1
robot_tracker_go/internal/position/homography.go:15.34,19.2 1 1
robot_tracker_go/internal/position/homography.go:21.78,22.46 1 1
robot_tracker_go/internal/position/homography.go:22.46,24.3 1 1
robot_tracker_go/internal/position/homography.go:26.2,29.33 3 1
robot_tracker_go/internal/position/homography.go:29.33,55.3 23 1
robot_tracker_go/internal/position/homography.go:57.2,59.12 3 1
robot_tracker_go/internal/position/homography.go:62.39,70.14 2 1
robot_tracker_go/internal/position/homography.go:70.14,72.3 1 1
robot_tracker_go/internal/position/homography.go:74.2,84.69 10 1
robot_tracker_go/internal/position/homography.go:87.38,89.2 1 1
robot_tracker_go/internal/position/homography.go:91.59,92.14 1 1
robot_tracker_go/internal/position/homography.go:92.14,94.3 1 1
robot_tracker_go/internal/position/homography.go:96.2,99.25 3 1
robot_tracker_go/internal/position/homography.go:99.25,101.3 1 1
robot_tracker_go/internal/position/homography.go:103.2,103.17 1 1
robot_tracker_go/internal/position/homography.go:103.17,105.3 1 1
robot_tracker_go/internal/position/homography.go:107.2,110.3 1 1
robot_tracker_go/internal/position/homography.go:113.61,114.14 1 1
robot_tracker_go/internal/position/homography.go:114.14,116.3 1 1
robot_tracker_go/internal/position/homography.go:118.2,121.25 3 1
robot_tracker_go/internal/position/homography.go:121.25,123.3 1 1
robot_tracker_go/internal/position/homography.go:125.2,125.17 1 1
robot_tracker_go/internal/position/homography.go:125.17,127.3 1 0
robot_tracker_go/internal/position/homography.go:129.2,129.51 1 1
robot_tracker_go/internal/position/homography.go:132.80,145.2 12 1
robot_tracker_go/internal/position/homography.go:147.50,148.14 1 0
robot_tracker_go/internal/position/homography.go:148.14,150.3 1 0
robot_tracker_go/internal/position/homography.go:152.2,153.16 2 0
robot_tracker_go/internal/position/homography.go:153.16,155.3 1 0
robot_tracker_go/internal/position/homography.go:156.2,156.15 1 0
robot_tracker_go/internal/position/homography.go:156.15,156.35 1 0
robot_tracker_go/internal/position/homography.go:158.2,158.25 1 0
robot_tracker_go/internal/position/homography.go:158.25,159.26 1 0
robot_tracker_go/internal/position/homography.go:159.26,160.13 1 0
robot_tracker_go/internal/position/homography.go:160.13,162.5 1 0
robot_tracker_go/internal/position/homography.go:163.4,163.38 1 0
robot_tracker_go/internal/position/homography.go:165.3,165.28 1 0
robot_tracker_go/internal/position/homography.go:168.2,170.12 2 0
robot_tracker_go/internal/position/homography.go:173.50,175.16 2 0
robot_tracker_go/internal/position/homography.go:175.16,177.3 1 0
robot_tracker_go/internal/position/homography.go:178.2,178.15 1 0
robot_tracker_go/internal/position/homography.go:178.15,178.35 1 0
robot_tracker_go/internal/position/homography.go:180.2,181.25 2 0
robot_tracker_go/internal/position/homography.go:181.25,182.26 1 0
robot_tracker_go/internal/position/homography.go:182.26,183.61 1 0
robot_tracker_go/internal/position/homography.go:183.61,185.5 1 0
robot_tracker_go/internal/position/homography.go:189.2,189.62 1 0
robot_tracker_go/internal/position/homography.go:189.62,191.3 1 0
robot_tracker_go/internal/position/homography.go:193.2,195.12 2 0
robot_tracker_go/internal/position/homography.go:198.37,200.2 1 1
robot_tracker_go/internal/position/homography.go:202.50,204.2 1 1
robot_tracker_go/internal/position/homography.go:206.53,208.2 1 1
robot_tracker_go/internal/position/homography.go:210.100,211.50 1 0
robot_tracker_go/internal/position/homography.go:211.50,213.3 1 0
robot_tracker_go/internal/position/homography.go:215.2,218.25 3 0
robot_tracker_go/internal/position/homography.go:218.25,246.3 25 0
robot_tracker_go/internal/position/homography.go:248.2,252.17 4 0
robot_tracker_go/internal/position/homography.go:252.17,256.3 3 0
robot_tracker_go/internal/position/homography.go:256.8,258.3 1 0
robot_tracker_go/internal/position/homography.go:260.2,261.12 2 0
robot_tracker_go/internal/position/homography.go:264.42,269.25 3 0
robot_tracker_go/internal/position/homography.go:269.25,271.3 1 0
robot_tracker_go/internal/position/homography.go:273.2,274.16 2 0
robot_tracker_go/internal/position/homography.go:274.16,275.26 1 0
robot_tracker_go/internal/position/homography.go:275.26,276.27 1 0
robot_tracker_go/internal/position/homography.go:276.27,278.5 1 0
robot_tracker_go/internal/position/homography.go:282.2,282.10 1 0
robot_tracker_go/internal/position/homography.go:285.63,289.25 4 0
robot_tracker_go/internal/position/homography.go:289.25,291.3 1 0
robot_tracker_go/internal/position/homography.go:293.2,293.25 1 0
robot_tracker_go/internal/position/homography.go:293.25,295.26 2 0
robot_tracker_go/internal/position/homography.go:295.26,297.4 1 0
robot_tracker_go/internal/position/homography.go:300.2,300.34 1 0
robot_tracker_go/internal/position/homography.go:303.40,308.2 4 0
robot_tracker_go/internal/position/homography.go:310.101,314.17 4 0
robot_tracker_go/internal/position/homography.go:314.17,316.3 1 0
robot_tracker_go/internal/position/homography.go:317.2,317.15 1 0
robot_tracker_go/internal/position/homography.go:320.32,321.12 1 0
robot_tracker_go/internal/position/homography.go:321.12,323.3 1 0
robot_tracker_go/internal/position/homography.go:324.2,325.30 2 0
robot_tracker_go/internal/position/homography.go:325.30,327.3 1 0
robot_tracker_go/internal/position/homography.go:328.2,328.15 1 0
robot_tracker_go/internal/position/types.go:38.53,42.2 3 1
robot_tracker_go/internal/position/types.go:44.46,46.2 1 1
robot_tracker_go/internal/position/types.go:48.46,50.2 1 1
robot_tracker_go/internal/position/types.go:52.49,54.2 1 1
robot_tracker_go/internal/position/types.go:56.36,58.2 1 1
robot_tracker_go/internal/position/types.go:60.39,62.17 2 1
robot_tracker_go/internal/position/types.go:62.17,64.3 1 0
robot_tracker_go/internal/position/types.go:65.2,65.30 1 1
robot_tracker_go/internal/position/types.go:68.46,70.2 1 1
robot_tracker_go/internal/position/types.go:72.35,74.2 1 1
robot_tracker_go/internal/position/types.go:76.30,77.11 1 1
robot_tracker_go/internal/position/types.go:77.11,79.3 1 0
robot_tracker_go/internal/position/types.go:80.2,81.26 2 1
robot_tracker_go/internal/position/types.go:81.26,83.3 1 1
robot_tracker_go/internal/position/types.go:84.2,84.15 1 1
robot_tracker_go/internal/controller/arduino.go:20.73,21.19 1 0
robot_tracker_go/internal/controller/arduino.go:21.19,23.3 1 0
robot_tracker_go/internal/controller/arduino.go:24.2,28.3 1 0
robot_tracker_go/internal/controller/arduino.go:31.45,32.17 1 0
robot_tracker_go/internal/controller/arduino.go:32.17,34.3 1 0
robot_tracker_go/internal/controller/arduino.go:36.2,37.20 2 0
robot_tracker_go/internal/controller/arduino.go:37.20,40.17 3 0
robot_tracker_go/internal/controller/arduino.go:40.17,42.4 1 0
robot_tracker_go/internal/controller/arduino.go:45.2,51.16 4 0
robot_tracker_go/internal/controller/arduino.go:51.16,53.3 1 0
robot_tracker_go/internal/controller/arduino.go:55.2,61.12 5 0
robot_tracker_go/internal/controller/arduino.go:64.48,65.36 1 0
robot_tracker_go/internal/controller/arduino.go:65.36,69.3 3 0
robot_tracker_go/internal/controller/arduino.go:70.2,70.12 1 0
robot_tracker_go/internal/controller/arduino.go:73.60,74.37 1 0
robot_tracker_go/internal/controller/arduino.go:74.37,76.3 1 0
robot_tracker_go/internal/controller/arduino.go:78.2,80.16 3 0
robot_tracker_go/internal/controller/arduino.go:80.16,83.3 2 0
robot_tracker_go/internal/controller/arduino.go:85.2,85.12 1 0
robot_tracker_go/internal/controller/arduino.go:88.55,89.37 1 0
robot_tracker_go/internal/controller/arduino.go:89.37,91.3 1 0
robot_tracker_go/internal/controller/arduino.go:93.2,95.16 3 0
robot_tracker_go/internal/controller/arduino.go:95.16,98.3 2 0
robot_tracker_go/internal/controller/arduino.go:100.2,100.12 1 0
robot_tracker_go/internal/controller/arduino.go:103.64,104.37 1 0
robot_tracker_go/internal/controller/arduino.go:104.37,106.3 1 0
robot_tracker_go/internal/controller/arduino.go:108.2,110.16 3 0
robot_tracker_go/internal/controller/arduino.go:110.16,113.3 2 0
robot_tracker_go/internal/controller/arduino.go:115.2,115.12 1 0
robot_tracker_go/internal/controller/arduino.go:118.49,119.37 1 0
robot_tracker_go/internal/controller/arduino.go:119.37,121.3 1 0
robot_tracker_go/internal/controller/arduino.go:123.2,125.16 3 0
robot_tracker_go/internal/controller/arduino.go:125.16,128.3 2 0
robot_tracker_go/internal/controller/arduino.go:130.2,130.12 1 0
robot_tracker_go/internal/controller/arduino.go:133.48,135.2 1 0
robot_tracker_go/internal/controller/arduino.go:137.46,139.2 1 0
robot_tracker_go/internal/controller/arduino.go:141.62,143.16 2 0
robot_tracker_go/internal/controller/arduino.go:143.16,145.3 1 0
robot_tracker_go/internal/controller/arduino.go:146.2,146.21 1 0
robot_tracker_go/internal/controller/arduino.go:146.21,148.3 1 0
robot_tracker_go/internal/controller/arduino.go:149.2,149.22 1 0
robot_tracker_go/internal/controller/arduino.go:152.61,155.16 3 0
robot_tracker_go/internal/controller/arduino.go:155.16,157.3 1 0
robot_tracker_go/internal/controller/arduino.go:158.2,159.31 2 0
robot_tracker_go/internal/controller/arduino.go:159.31,160.102 1 0
robot_tracker_go/internal/controller/arduino.go:160.102,162.4 1 0
robot_tracker_go/internal/controller/arduino.go:164.2,164.28 1 0
robot_tracker_go/internal/controller/arduino.go:164.28,166.3 1 0
robot_tracker_go/internal/controller/arduino.go:167.2,167.26 1 0
robot_tracker_go/internal/controller/arduino.go:170.50,173.2 2 0
robot_tracker_go/internal/controller/executor.go:15.65,20.2 1 1
robot_tracker_go/internal/controller/executor.go:22.66,26.74 3 1
robot_tracker_go/internal/controller/executor.go:26.74,28.3 1 1
robot_tracker_go/internal/controller/executor.go:30.2,30.42 1 1
robot_tracker_go/internal/controller/executor.go:30.42,31.21 1 1
robot_tracker_go/internal/controller/executor.go:31.21,33.4 1 1
robot_tracker_go/internal/controller/executor.go:33.9,33.29 1 1
robot_tracker_go/internal/controller/executor.go:33.29,35.4 1 1
robot_tracker_go/internal/controller/executor.go:38.2,41.19 3 1
robot_tracker_go/internal/controller/executor.go:41.19,42.13 1 1
robot_tracker_go/internal/controller/executor.go:42.13,44.4 1 1
robot_tracker_go/internal/controller/executor.go:44.9,46.4 1 1
robot_tracker_go/internal/controller/executor.go:49.2,49.12 1 0
robot_tracker_go/internal/controller/executor.go:49.12,51.3 1 0
robot_tracker_go/internal/controller/executor.go:51.8,53.3 1 0
robot_tracker_go/internal/controller/executor.go:56.64,57.13 1 1
robot_tracker_go/internal/controller/executor.go:58.22,59.41 1 1
robot_tracker_go/internal/controller/executor.go:60.23,61.42 1 1
robot_tracker_go/internal/controller/executor.go:62.19,63.42 1 1
robot_tracker_go/internal/controller/executor.go:64.20,65.43 1 1
robot_tracker_go/internal/controller/executor.go:66.19,67.32 1 1
robot_tracker_go/internal/controller/executor.go:68.10,69.32 1 0
robot_tracker_go/internal/controller/protocol.go:41.42,43.2 1 1
robot_tracker_go/internal/controller/protocol.go:45.60,47.2 1 1
robot_tracker_go/internal/controller/protocol.go:49.55,51.2 1 1
robot_tracker_go/internal/controller/protocol.go:53.64,55.2 1 1
robot_tracker_go/internal/controller/protocol.go:57.53,59.2 1 1
robot_tracker_go/internal/controller/protocol.go:61.63,62.19 1 0
robot_tracker_go/internal/controller/protocol.go:62.19,64.3 1 0
robot_tracker_go/internal/controller/protocol.go:65.2,65.30 1 0
robot_tracker_go/internal/controller/queue.go:19.83,21.19 2 0
robot_tracker_go/internal/controller/queue.go:21.19,23.3 1 0
robot_tracker_go/internal/controller/queue.go:24.2,29.3 1 0
robot_tracker_go/internal/controller/queue.go:32.32,33.15 1 0
robot_tracker_go/internal/controller/queue.go:33.15,35.3 1 0
robot_tracker_go/internal/controller/queue.go:37.2,38.16 2 0
robot_tracker_go/internal/controller/queue.go:41.31,42.16 1 0
robot_tracker_go/internal/controller/queue.go:42.16,44.3 1 0
robot_tracker_go/internal/controller/queue.go:46.2,47.19 2 0
robot_tracker_go/internal/controller/queue.go:50.45,51.9 1 0
robot_tracker_go/internal/controller/queue.go:52.26,52.26 0 0
robot_tracker_go/internal/controller/queue.go:53.10,53.10 0 0
robot_tracker_go/internal/controller/queue.go:57.40,60.2 2 0
robot_tracker_go/internal/controller/queue.go:62.34,66.6 3 0
robot_tracker_go/internal/controller/queue.go:66.6,67.10 1 0
robot_tracker_go/internal/controller/queue.go:68.29,69.22 1 0
robot_tracker_go/internal/controller/queue.go:71.19,72.102 1 0
robot_tracker_go/internal/controller/queue.go:72.102,74.5 1 0
robot_tracker_go/internal/controller/queue.go:76.19,77.10 1 0
robot_tracker_go/internal/controller/queue.go:82.49,86.69 3 0
robot_tracker_go/internal/controller/queue.go:86.69,88.3 1 0
robot_tracker_go/internal/controller/queue.go:90.2,90.54 1 0
robot_tracker_go/internal/controller/queue.go:90.54,93.3 2 0
robot_tracker_go/internal/controller/queue.go:96.49,100.2 3 0
robot_tracker_go/internal/controller/queue.go:102.41,104.2 1 0
robot_tracker_go/internal/planning/astar.go:19.35,19.53 1 1
robot_tracker_go/internal/planning/astar.go:21.45,23.2 1 1
robot_tracker_go/internal/planning/astar.go:25.40,27.2 1 1
robot_tracker_go/internal/planning/astar.go:29.46,31.2 1 1
robot_tracker_go/internal/planning/astar.go:33.44,40.2 6 1
robot_tracker_go/internal/planning/astar.go:53.43,54.19 1 1
robot_tracker_go/internal/planning/astar.go:54.19,61.3 1 1
robot_tracker_go/internal/planning/astar.go:62.2,62.31 1 1
robot_tracker_go/internal/planning/astar.go:65.89,73.58 5 1
robot_tracker_go/internal/planning/astar.go:73.58,75.3 1 1
robot_tracker_go/internal/planning/astar.go:77.2,78.56 1 1
robot_tracker_go/internal/planning/astar.go:78.56,80.3 1 0
robot_tracker_go/internal/planning/astar.go:82.2,83.32 2 1
robot_tracker_go/internal/planning/astar.go:83.32,85.32 2 1
robot_tracker_go/internal/planning/astar.go:85.32,87.4 1 1
robot_tracker_go/internal/planning/astar.go:90.2,90.61 1 1
robot_tracker_go/internal/planning/astar.go:90.61,92.3 1 1
robot_tracker_go/internal/planning/astar.go:94.2,103.24 8 1
robot_tracker_go/internal/planning/astar.go:103.24,105.42 2 1
robot_tracker_go/internal/planning/astar.go:105.42,107.4 1 0
robot_tracker_go/internal/planning/astar.go:109.3,111.34 2 1
robot_tracker_go/internal/planning/astar.go:111.34,113.4 1 1
robot_tracker_go/internal/planning/astar.go:115.3,116.38 2 1
robot_tracker_go/internal/planning/astar.go:116.38,119.87 2 1
robot_tracker_go/internal/planning/astar.go:119.87,127.40 7 1
robot_tracker_go/internal/planning/astar.go:127.40,129.6 1 1
robot_tracker_go/internal/planning/astar.go:134.2,134.19 1 0
robot_tracker_go/internal/planning/astar.go:137.96,144.33 3 1
robot_tracker_go/internal/planning/astar.go:144.33,148.73 3 1
robot_tracker_go/internal/planning/astar.go:148.73,150.4 1 1
robot_tracker_go/internal/planning/astar.go:153.2,153.18 1 1
robot_tracker_go/internal/planning/astar.go:156.63,157.24 1 1
robot_tracker_go/internal/planning/astar.go:157.24,158.24 1 1
robot_tracker_go/internal/planning/astar.go:158.24,160.4 1 0
robot_tracker_go/internal/planning/astar.go:162.2,162.14 1 1
robot_tracker_go/internal/planning/astar.go:165.54,167.2 1 1
robot_tracker_go/internal/planning/astar.go:169.49,173.2 3 1
robot_tracker_go/internal/planning/astar.go:175.112,181.6 4 1
robot_tracker_go/internal/planning/astar.go:181.6,182.50 1 1
robot_tracker_go/internal/planning/astar.go:182.50,183.9 1 1
robot_tracker_go/internal/planning/astar.go:185.3,187.27 3 1
robot_tracker_go/internal/planning/astar.go:190.2,190.53 1 1
robot_tracker_go/internal/planning/astar.go:190.53,192.3 1 1
robot_tracker_go/internal/planning/astar.go:194.2,194.13 1 1
robot_tracker_go/internal/planning/astar.go:197.80,205.28 6 1
robot_tracker_go/internal/planning/astar.go:205.28,206.29 1 1
robot_tracker_go/internal/planning/astar.go:206.29,207.51 1 1
robot_tracker_go/internal/planning/astar.go:207.51,209.5 1 1
robot_tracker_go/internal/planning/astar.go:213.2,213.14 1 1
robot_tracker_go/internal/planning/collision.go:28.62,29.17 1 1
robot_tracker_go/internal/planning/collision.go:29.17,31.3 1 1
robot_tracker_go/internal/planning/collision.go:32.2,32.43 1 1
robot_tracker_go/internal/planning/collision.go:35.83,39.50 3 1
robot_tracker_go/internal/planning/collision.go:39.50,41.3 1 1
robot_tracker_go/internal/planning/collision.go:41.8,41.61 1 1
robot_tracker_go/internal/planning/collision.go:41.61,43.3 1 0
robot_tracker_go/internal/planning/collision.go:45.2,46.50 2 1
robot_tracker_go/internal/planning/collision.go:46.50,48.3 1 1
robot_tracker_go/internal/planning/collision.go:48.8,48.61 1 1
robot_tracker_go/internal/planning/collision.go:48.61,50.3 1 0
robot_tracker_go/internal/planning/collision.go:52.2,56.36 4 1
robot_tracker_go/internal/planning/collision.go:59.110,60.29 1 1
robot_tracker_go/internal/planning/collision.go:60.29,63.41 3 1
robot_tracker_go/internal/planning/collision.go:63.41,65.4 1 1
robot_tracker_go/internal/planning/collision.go:67.2,67.14 1 0
robot_tracker_go/internal/planning/collision.go:70.99,72.32 2 1
robot_tracker_go/internal/planning/collision.go:72.32,73.32 1 1
robot_tracker_go/internal/planning/collision.go:73.32,75.4 1 1
robot_tracker_go/internal/planning/collision.go:77.2,77.19 1 1
robot_tracker_go/internal/planning/collision.go:80.128,89.32 4 1
robot_tracker_go/internal/planning/collision.go:89.32,90.36 1 1
robot_tracker_go/internal/planning/collision.go:90.36,92.4 1 1
robot_tracker_go/internal/planning/collision.go:95.2,95.14 1 0
robot_tracker_go/internal/planning/collision.go:98.93,102.50 3 1
robot_tracker_go/internal/planning/collision.go:102.50,104.3 1 1
robot_tracker_go/internal/planning/collision.go:104.8,104.61 1 0
robot_tracker_go/internal/planning/collision.go:104.61,106.3 1 0
robot_tracker_go/internal/planning/collision.go:108.2,109.50 2 1
robot_tracker_go/internal/planning/collision.go:109.50,111.3 1 1
robot_tracker_go/internal/planning/collision.go:111.8,111.61 1 0
robot_tracker_go/internal/planning/collision.go:111.61,113.3 1 0
robot_tracker_go/internal/planning/collision.go:115.2,119.27 4 1
robot_tracker_go/internal/planning/collision.go:122.89,127.2 1 1
robot_tracker_go/internal/planning/collision.go:129.88,136.2 6 1
robot_tracker_go/internal/planning/collision.go:138.90,140.32 2 1
robot_tracker_go/internal/planning/collision.go:140.32,142.21 2 1
robot_tracker_go/internal/planning/collision.go:142.21,144.4 1 1
robot_tracker_go/internal/planning/collision.go:146.2,146.16 1 1
robot_tracker_go/internal/planning/coordinator.go:14.100,23.2 1 0
robot_tracker_go/internal/planning/coordinator.go:25.58,28.2 2 0
robot_tracker_go/internal/planning/coordinator.go:30.61,32.2 1 0
robot_tracker_go/internal/planning/coordinator.go:34.58,36.2 1 0
robot_tracker_go/internal/planning/coordinator.go:38.43,42.2 3 0
robot_tracker_go/internal/planning/coordinator.go:44.64,47.2 2 0
robot_tracker_go/internal/planning/coordinator.go:49.60,54.39 3 0
robot_tracker_go/internal/planning/coordinator.go:54.39,58.15 3 0
robot_tracker_go/internal/planning/coordinator.go:58.15,60.12 2 0
robot_tracker_go/internal/planning/coordinator.go:63.3,66.12 3 0
robot_tracker_go/internal/planning/coordinator.go:66.12,68.4 1 0
robot_tracker_go/internal/planning/coordinator.go:70.3,70.31 1 0
robot_tracker_go/internal/planning/coordinator.go:73.2,73.17 1 0
robot_tracker_go/internal/planning/coordinator.go:76.51,78.27 2 0
robot_tracker_go/internal/planning/coordinator.go:78.27,80.3 1 0
robot_tracker_go/internal/planning/coordinator.go:82.2,82.35 1 0
robot_tracker_go/internal/planning/coordinator.go:82.35,83.40 1 0
robot_tracker_go/internal/planning/coordinator.go:83.40,84.57 1 0
robot_tracker_go/internal/planning/coordinator.go:84.57,86.5 1 0
robot_tracker_go/internal/planning/coordinator.go:90.2,90.15 1 0
robot_tracker_go/internal/planning/coordinator.go:93.63,95.34 2 0
robot_tracker_go/internal/planning/coordinator.go:95.34,96.19 1 0
robot_tracker_go/internal/planning/coordinator.go:96.19,98.4 1 0
robot_tracker_go/internal/planning/coordinator.go:100.2,100.15 1 0
robot_tracker_go/internal/planning/coordinator.go:103.97,104.33 1 0
robot_tracker_go/internal/planning/coordinator.go:104.33,105.44 1 0
robot_tracker_go/internal/planning/coordinator.go:105.44,107.45 2 0
robot_tracker_go/internal/planning/coordinator.go:107.45,109.5 1 0
robot_tracker_go/internal/planning/coordinator.go:110.4,110.24 1 0
robot_tracker_go/internal/planning/coordinator.go:115.88,118.37 2 0
robot_tracker_go/internal/planning/coordinator.go:118.37,122.43 3 0
robot_tracker_go/internal/planning/coordinator.go:122.43,123.26 1 0
robot_tracker_go/internal/planning/coordinator.go:123.26,124.13 1 0
robot_tracker_go/internal/planning/coordinator.go:127.4,128.55 2 0
robot_tracker_go/internal/planning/coordinator.go:128.55,130.10 2 0
robot_tracker_go/internal/planning/coordinator.go:134.3,134.15 1 0
robot_tracker_go/internal/planning/coordinator.go:134.15,136.4 1 0
robot_tracker_go/internal/planning/coordinator.go:136.9,138.4 1 0
robot_tracker_go/internal/planning/coordinator.go:141.2,141.17 1 0
robot_tracker_go/internal/planning/coordinator.go:144.112,156.25 9 0
robot_tracker_go/internal/planning/coordinator.go:156.25,158.3 1 0
robot_tracker_go/internal/planning/coordinator.go:160.2,167.30 6 0
robot_tracker_go/internal/planning/coordinator.go:170.113,174.35 3 0
robot_tracker_go/internal/planning/coordinator.go:174.35,175.25 1 0
robot_tracker_go/internal/planning/coordinator.go:175.25,176.12 1 0
robot_tracker_go/internal/planning/coordinator.go:179.3,179.39 1 0
robot_tracker_go/internal/planning/coordinator.go:179.39,180.12 1 0
robot_tracker_go/internal/planning/coordinator.go:183.3,190.17 6 0
robot_tracker_go/internal/planning/coordinator.go:190.17,195.4 4 0
robot_tracker_go/internal/planning/coordinator.go:198.2,199.18 2 0
robot_tracker_go/internal/planning/coordinator.go:199.18,202.3 2 0
robot_tracker_go/internal/planning/coordinator.go:204.2,204.17 1 0
robot_tracker_go/internal/planning/coordinator.go:207.67,208.41 1 0
robot_tracker_go/internal/planning/coordinator.go:208.41,210.3 1 0
robot_tracker_go/internal/planning/coordinator.go:213.43,215.2 1 0
robot_tracker_go/internal/planning/coordinator.go:217.34,221.2 3 0
robot_tracker_go/internal/planning/dynamic_obstacle.go:16.124,27.2 1 1
robot_tracker_go/internal/planning/dynamic_obstacle.go:29.62,33.2 3 1
robot_tracker_go/internal/planning/dynamic_obstacle.go:35.62,39.2 3 1
robot_tracker_go/internal/planning/dynamic_obstacle.go:41.78,46.2 4 1
robot_tracker_go/internal/planning/dynamic_obstacle.go:48.53,55.2 1 1
robot_tracker_go/internal/planning/local.go:17.68,18.19 1 0
robot_tracker_go/internal/planning/local.go:18.19,26.3 1 0
robot_tracker_go/internal/planning/local.go:27.2,27.38 1 0
robot_tracker_go/internal/planning/local.go:30.118,34.2 3 0
robot_tracker_go/internal/planning/local.go:36.93,41.17 4 0
robot_tracker_go/internal/planning/local.go:41.17,43.3 1 0
robot_tracker_go/internal/planning/local.go:45.2,46.37 2 0
robot_tracker_go/internal/planning/local.go:46.37,48.3 1 0
robot_tracker_go/internal/planning/local.go:50.2,51.16 2 0
robot_tracker_go/internal/planning/local.go:51.16,53.3 1 0
robot_tracker_go/internal/planning/local.go:55.2,58.31 3 0
robot_tracker_go/internal/planning/local.go:61.123,68.32 5 0
robot_tracker_go/internal/planning/local.go:68.32,69.24 1 0
robot_tracker_go/internal/planning/local.go:69.24,70.12 1 0
robot_tracker_go/internal/planning/local.go:73.3,80.28 6 0
robot_tracker_go/internal/planning/local.go:80.28,82.12 2 0
robot_tracker_go/internal/planning/local.go:85.3,89.24 4 0
robot_tracker_go/internal/planning/local.go:89.24,90.12 1 0
robot_tracker_go/internal/planning/local.go:93.3,95.37 2 0
robot_tracker_go/internal/planning/local.go:95.37,97.4 1 0
robot_tracker_go/internal/planning/local.go:100.2,101.35 2 0
robot_tracker_go/internal/planning/local.go:101.35,104.3 2 0
robot_tracker_go/internal/planning/local.go:106.2,106.21 1 0
robot_tracker_go/internal/planning/local.go:109.124,130.2 12 0
robot_tracker_go/internal/planning/local.go:132.75,144.2 8 0
robot_tracker_go/internal/planning/local.go:146.146,152.37 4 0
robot_tracker_go/internal/planning/local.go:152.37,153.32 1 0
robot_tracker_go/internal/planning/local.go:153.32,155.25 2 0
robot_tracker_go/internal/planning/local.go:155.25,158.5 2 0
robot_tracker_go/internal/planning/local.go:162.2,162.19 1 0
robot_tracker_go/internal/planning/local.go:162.19,164.3 1 0
robot_tracker_go/internal/planning/local.go:166.2,166.16 1 0
robot_tracker_go/internal/planning/local.go:169.85,175.31 4 0
robot_tracker_go/internal/planning/local.go:175.31,176.32 1 0
robot_tracker_go/internal/planning/local.go:176.32,181.4 1 0
robot_tracker_go/internal/planning/local.go:184.2,186.19 2 0
robot_tracker_go/internal/planning/local.go:189.109,191.24 2 0
robot_tracker_go/internal/planning/local.go:191.24,193.3 1 0
robot_tracker_go/internal/planning/local.go:195.2,199.57 3 0
robot_tracker_go/internal/planning/local.go:202.155,207.17 4 0
robot_tracker_go/internal/planning/local.go:207.17,209.3 1 0
robot_tracker_go/internal/planning/local.go:211.2,214.35 3 0
robot_tracker_go/internal/planning/local.go:217.126,223.32 4 0
robot_tracker_go/internal/planning/local.go:223.32,234.28 8 0
robot_tracker_go/internal/planning/local.go:234.28,236.4 1 0
robot_tracker_go/internal/planning/local.go:239.2,239.13 1 0
robot_tracker_go/internal/planning/local.go:248.22,252.37 3 0
robot_tracker_go/internal/planning/local.go:252.37,253.23 1 0
robot_tracker_go/internal/planning/local.go:253.23,255.4 1 0
robot_tracker_go/internal/planning/local.go:258.2,258.39 1 0
robot_tracker_go/internal/planning/local.go:258.39,259.56 1 0
robot_tracker_go/internal/planning/local.go:259.56,261.4 1 0
robot_tracker_go/internal/planning/local.go:264.2,265.22 2 0
robot_tracker_go/internal/planning/planner.go:19.49,22.19 2 0
robot_tracker_go/internal/planning/planner.go:22.19,26.3 3 0
robot_tracker_go/internal/planning/planner.go:26.8,30.3 3 0
robot_tracker_go/internal/planning/planner.go:32.2,34.16 2 0
robot_tracker_go/internal/planning/planner.go:37.86,40.2 2 0
robot_tracker_go/internal/planning/planner.go:42.84,44.13 2 0
robot_tracker_go/internal/planning/planner.go:44.13,46.3 1 0
robot_tracker_go/internal/planning/planner.go:48.2,49.65 2 0
robot_tracker_go/internal/planning/planner.go:57.22,59.13 2 0
robot_tracker_go/internal/planning/planner.go:59.13,61.3 1 0
robot_tracker_go/internal/planning/planner.go:63.2,64.111 2 0
robot_tracker_go/internal/planning/planner.go:67.50,70.2 2 0
robot_tracker_go/internal/planning/planner.go:72.54,75.2 2 0
robot_tracker_go/internal/planning/planner.go:77.75,85.2 2 0
robot_tracker_go/internal/planning/planner.go:87.57,89.2 1 0
robot_tracker_go/internal/planning/planner.go:91.59,93.2 1 0
robot_tracker_go/internal/planning/planner.go:95.84,97.2 1 0
robot_tracker_go/internal/planning/planner.go:99.91,103.2 3 0
robot_tracker_go/internal/planning/planner.go:105.65,107.2 1 0
robot_tracker_go/internal/planning/planner.go:109.58,111.2 1 0
robot_tracker_go/internal/planning/planner.go:113.57,116.2 2 0
robot_tracker_go/internal/planning/planner.go:118.48,120.34 2 0
robot_tracker_go/internal/planning/planner.go:120.34,122.3 1 0
robot_tracker_go/internal/planning/planner.go:123.2,123.17 1 0
robot_tracker_go/internal/planning/planner.go:126.47,128.34 2 0
robot_tracker_go/internal/planning/planner.go:128.34,129.23 1 0
robot_tracker_go/internal/planning/planner.go:129.23,131.4 1 0
robot_tracker_go/internal/planning/planner.go:133.2,134.41 2 0
robot_tracker_go/internal/planning/planner.go:137.36,140.2 2 0
robot_tracker_go/internal/planning/planner.go:142.30,145.2 2 0
robot_tracker_go/internal/planning/planner.go:147.45,149.2 1 0
robot_tracker_go/internal/planning/planner.go:151.58,152.19 1 0
robot_tracker_go/internal/planning/planner.go:152.19,154.3 1 0
robot_tracker_go/internal/planning/planner.go:156.2,157.33 2 0
robot_tracker_go/internal/planning/planner.go:157.33,161.3 3 0
robot_tracker_go/internal/planning/planner.go:163.2,163.13 1 0
robot_tracker_go/internal/tracking/bytetrack.go:25.55,26.19 1 1
robot_tracker_go/internal/tracking/bytetrack.go:26.19,35.3 1 1
robot_tracker_go/internal/tracking/bytetrack.go:37.2,42.3 1 1
robot_tracker_go/internal/tracking/bytetrack.go:45.101,48.26 2 1
robot_tracker_go/internal/tracking/bytetrack.go:48.26,50.3 1 1
robot_tracker_go/internal/tracking/bytetrack.go:52.2,55.33 3 1
robot_tracker_go/internal/tracking/bytetrack.go:55.33,57.33 2 1
robot_tracker_go/internal/tracking/bytetrack.go:57.33,58.12 1 1
robot_tracker_go/internal/tracking/bytetrack.go:60.3,60.45 1 1
robot_tracker_go/internal/tracking/bytetrack.go:60.45,62.4 1 1
robot_tracker_go/internal/tracking/bytetrack.go:62.9,64.4 1 0
robot_tracker_go/internal/tracking/bytetrack.go:67.2,72.43 3 1
robot_tracker_go/internal/tracking/bytetrack.go:72.43,77.71 5 0
robot_tracker_go/internal/tracking/bytetrack.go:77.71,80.4 2 0
robot_tracker_go/internal/tracking/bytetrack.go:84.2,84.45 1 1
robot_tracker_go/internal/tracking/bytetrack.go:84.45,85.39 1 1
robot_tracker_go/internal/tracking/bytetrack.go:85.39,87.4 1 1
robot_tracker_go/internal/tracking/bytetrack.go:91.2,93.36 2 1
robot_tracker_go/internal/tracking/bytetrack.go:93.36,94.38 1 0
robot_tracker_go/internal/tracking/bytetrack.go:94.38,99.4 4 0
robot_tracker_go/internal/tracking/bytetrack.go:102.2,102.48 1 1
robot_tracker_go/internal/tracking/bytetrack.go:102.48,103.38 1 0
robot_tracker_go/internal/tracking/bytetrack.go:103.38,105.4 1 0
robot_tracker_go/internal/tracking/bytetrack.go:108.2,110.68 2 1
robot_tracker_go/internal/tracking/bytetrack.go:113.40,114.30 1 1
robot_tracker_go/internal/tracking/bytetrack.go:114.30,116.3 1 0
robot_tracker_go/internal/tracking/bytetrack.go:119.133,120.26 1 1
robot_tracker_go/internal/tracking/bytetrack.go:120.26,122.3 1 1
robot_tracker_go/internal/tracking/bytetrack.go:124.2,126.36 3 1
robot_tracker_go/internal/tracking/bytetrack.go:126.36,129.3 2 0
robot_tracker_go/internal/tracking/bytetrack.go:131.2,138.39 6 1
robot_tracker_go/internal/tracking/bytetrack.go:138.39,140.3 1 1
robot_tracker_go/internal/tracking/bytetrack.go:142.2,142.40 1 1
robot_tracker_go/internal/tracking/bytetrack.go:142.40,143.77 1 0
robot_tracker_go/internal/tracking/bytetrack.go:143.77,147.4 3 0
robot_tracker_go/internal/tracking/bytetrack.go:150.2,150.42 1 1
robot_tracker_go/internal/tracking/bytetrack.go:150.42,152.3 1 1
robot_tracker_go/internal/tracking/bytetrack.go:154.2,154.76 1 1
robot_tracker_go/internal/tracking/bytetrack.go:157.130,158.26 1 1
robot_tracker_go/internal/tracking/bytetrack.go:158.26,160.3 1 1
robot_tracker_go/internal/tracking/bytetrack.go:162.2,164.36 3 0
robot_tracker_go/internal/tracking/bytetrack.go:164.36,167.3 2 0
robot_tracker_go/internal/tracking/bytetrack.go:169.2,169.28 1 0
robot_tracker_go/internal/tracking/bytetrack.go:169.28,170.29 1 0
robot_tracker_go/internal/tracking/bytetrack.go:170.29,172.4 1 0
robot_tracker_go/internal/tracking/bytetrack.go:173.3,173.9 1 0
robot_tracker_go/internal/tracking/bytetrack.go:176.2,182.39 5 0
robot_tracker_go/internal/tracking/bytetrack.go:182.39,184.3 1 0
robot_tracker_go/internal/tracking/bytetrack.go:186.2,186.40 1 0
robot_tracker_go/internal/tracking/bytetrack.go:186.40,187.77 1 0
robot_tracker_go/internal/tracking/bytetrack.go:187.77,191.4 3 0
robot_tracker_go/internal/tracking/bytetrack.go:194.2,194.42 1 0
robot_tracker_go/internal/tracking/bytetrack.go:194.42,196.3 1 0
robot_tracker_go/internal/tracking/bytetrack.go:198.2,198.64 1 0
robot_tracker_go/internal/tracking/bytetrack.go:201.76,215.28 7 1
robot_tracker_go/internal/tracking/bytetrack.go:215.28,218.3 2 0
robot_tracker_go/internal/tracking/bytetrack.go:220.2,220.30 1 1
robot_tracker_go/internal/tracking/bytetrack.go:223.94,224.30 1 1
robot_tracker_go/internal/tracking/bytetrack.go:224.30,227.3 2 0
robot_tracker_go/internal/tracking/bytetrack.go:229.2,231.54 2 1
robot_tracker_go/internal/tracking/bytetrack.go:234.40,235.36 1 1
robot_tracker_go/internal/tracking/bytetrack.go:235.36,236.48 1 1
robot_tracker_go/internal/tracking/bytetrack.go:236.48,238.4 1 0
robot_tracker_go/internal/tracking/bytetrack.go:242.109,244.30 2 1
robot_tracker_go/internal/tracking/bytetrack.go:244.30,246.3 1 1
robot_tracker_go/internal/tracking/bytetrack.go:248.2,254.3 1 1
robot_tracker_go/internal/tracking/bytetrack.go:257.29,261.2 3 1
robot_tracker_go/internal/tracking/bytetrack.go:263.41,265.2 1 0
robot_tracker_go/internal/tracking/hungarian.go:14.52,16.12 2 1
robot_tracker_go/internal/tracking/hungarian.go:16.12,18.3 1 1
robot_tracker_go/internal/tracking/hungarian.go:20.2,21.12 2 1
robot_tracker_go/internal/tracking/hungarian.go:21.12,23.3 1 0
robot_tracker_go/internal/tracking/hungarian.go:25.2,26.11 2 1
robot_tracker_go/internal/tracking/hungarian.go:26.11,28.3 1 1
robot_tracker_go/internal/tracking/hungarian.go:30.2,31.28 2 1
robot_tracker_go/internal/tracking/hungarian.go:31.28,33.29 2 1
robot_tracker_go/internal/tracking/hungarian.go:33.29,34.22 1 1
robot_tracker_go/internal/tracking/hungarian.go:34.22,36.5 1 1
robot_tracker_go/internal/tracking/hungarian.go:36.10,38.5 1 1
robot_tracker_go/internal/tracking/hungarian.go:42.2,47.29 5 1
robot_tracker_go/internal/tracking/hungarian.go:47.29,52.30 5 1
robot_tracker_go/internal/tracking/hungarian.go:52.30,55.4 2 1
robot_tracker_go/internal/tracking/hungarian.go:57.3,57.7 1 1
robot_tracker_go/internal/tracking/hungarian.go:57.7,63.31 5 1
robot_tracker_go/internal/tracking/hungarian.go:63.31,64.17 1 1
robot_tracker_go/internal/tracking/hungarian.go:64.17,66.23 2 1
robot_tracker_go/internal/tracking/hungarian.go:66.23,69.7 2 1
robot_tracker_go/internal/tracking/hungarian.go:70.6,70.25 1 1
robot_tracker_go/internal/tracking/hungarian.go:70.25,73.7 2 1
robot_tracker_go/internal/tracking/hungarian.go:77.4,77.31 1 1
robot_tracker_go/internal/tracking/hungarian.go:77.31,78.16 1 1
robot_tracker_go/internal/tracking/hungarian.go:78.16,81.6 2 1
robot_tracker_go/internal/tracking/hungarian.go:81.11,83.6 1 1
robot_tracker_go/internal/tracking/hungarian.go:86.4,87.18 2 1
robot_tracker_go/internal/tracking/hungarian.go:87.18,88.10 1 1
robot_tracker_go/internal/tracking/hungarian.go:92.3,92.7 1 1
robot_tracker_go/internal/tracking/hungarian.go:92.7,96.15 4 1
robot_tracker_go/internal/tracking/hungarian.go:96.15,97.10 1 1
robot_tracker_go/internal/tracking/hungarian.go:102.2,103.29 2 1
robot_tracker_go/internal/tracking/hungarian.go:103.29,104.39 1 1
robot_tracker_go/internal/tracking/hungarian.go:104.39,106.4 1 1
robot_tracker_go/internal/tracking/hungarian.go:109.2,110.25 2 1
robot_tracker_go/internal/tracking/hungarian.go:110.25,111.24 1 1
robot_tracker_go/internal/tracking/hungarian.go:111.24,113.4 1 1
robot_tracker_go/internal/tracking/hungarian.go:116.2,119.3 1 1
robot_tracker_go/internal/tracking/hungarian.go:122.94,126.22 3 1
robot_tracker_go/internal/tracking/hungarian.go:126.22,128.3 1 1
robot_tracker_go/internal/tracking/hungarian.go:130.2,131.25 2 1
robot_tracker_go/internal/tracking/hungarian.go:131.25,133.26 2 1
robot_tracker_go/internal/tracking/hungarian.go:133.26,139.26 4 1
robot_tracker_go/internal/tracking/hungarian.go:139.26,141.5 1 1
robot_tracker_go/internal/tracking/hungarian.go:141.10,143.5 1 1
robot_tracker_go/internal/tracking/hungarian.go:147.2,147.13 1 1
robot_tracker_go/internal/tracking/hungarian.go:150.46,156.26 5 1
robot_tracker_go/internal/tracking/hungarian.go:156.26,158.3 1 1
robot_tracker_go/internal/tracking/hungarian.go:160.2,167.16 5 1
robot_tracker_go/internal/tracking/hungarian.go:167.16,169.3 1 0
robot_tracker_go/internal/tracking/hungarian.go:171.2,171.47 1 1
robot_tracker_go/internal/tracking/kalman.go:13.38,18.25 2 1
robot_tracker_go/internal/tracking/kalman.go:18.25,19.26 1 1
robot_tracker_go/internal/tracking/kalman.go:19.26,23.4 3 1
robot_tracker_go/internal/tracking/kalman.go:26.2,26.25 1 1
robot_tracker_go/internal/tracking/kalman.go:26.25,27.26 1 1
robot_tracker_go/internal/tracking/kalman.go:27.26,30.4 2 1
robot_tracker_go/internal/tracking/kalman.go:33.2,51.11 15 1
robot_tracker_go/internal/tracking/kalman.go:54.58,60.25 5 1
robot_tracker_go/internal/tracking/kalman.go:60.25,62.3 1 1
robot_tracker_go/internal/tracking/kalman.go:64.2,64.23 1 1
robot_tracker_go/internal/tracking/kalman.go:67.46,68.21 1 1
robot_tracker_go/internal/tracking/kalman.go:68.21,70.3 1 1
robot_tracker_go/internal/tracking/kalman.go:72.2,73.25 2 1
robot_tracker_go/internal/tracking/kalman.go:73.25,75.26 2 1
robot_tracker_go/internal/tracking/kalman.go:75.26,77.4 1 1
robot_tracker_go/internal/tracking/kalman.go:80.2,81.25 2 1
robot_tracker_go/internal/tracking/kalman.go:81.25,82.26 1 1
robot_tracker_go/internal/tracking/kalman.go:82.26,84.27 2 1
robot_tracker_go/internal/tracking/kalman.go:84.27,86.5 1 1
robot_tracker_go/internal/tracking/kalman.go:89.2,89.25 1 1
robot_tracker_go/internal/tracking/kalman.go:89.25,90.26 1 1
robot_tracker_go/internal/tracking/kalman.go:90.26,92.4 1 1
robot_tracker_go/internal/tracking/kalman.go:95.2,98.13 3 1
robot_tracker_go/internal/tracking/kalman.go:101.67,102.21 1 1
robot_tracker_go/internal/tracking/kalman.go:102.21,105.3 2 1
robot_tracker_go/internal/tracking/kalman.go:107.2,114.25 6 0
robot_tracker_go/internal/tracking/kalman.go:114.25,115.26 1 0
robot_tracker_go/internal/tracking/kalman.go:115.26,117.27 2 0
robot_tracker_go/internal/tracking/kalman.go:117.27,119.5 1 0
robot_tracker_go/internal/tracking/kalman.go:123.2,124.15 2 0
robot_tracker_go/internal/tracking/kalman.go:124.15,126.3 1 0
robot_tracker_go/internal/tracking/kalman.go:128.2,135.25 7 0
robot_tracker_go/internal/tracking/kalman.go:135.25,136.26 1 0
robot_tracker_go/internal/tracking/kalman.go:136.26,138.27 2 0
robot_tracker_go/internal/tracking/kalman.go:138.27,140.5 1 0
robot_tracker_go/internal/tracking/kalman.go:141.4,141.27 1 0
robot_tracker_go/internal/tracking/kalman.go:141.27,143.5 1 0
robot_tracker_go/internal/tracking/kalman.go:147.2,147.25 1 0
robot_tracker_go/internal/tracking/kalman.go:147.25,148.26 1 0
robot_tracker_go/internal/tracking/kalman.go:148.26,150.4 1 0
robot_tracker_go/internal/tracking/kalman.go:153.2,154.25 2 0
robot_tracker_go/internal/tracking/kalman.go:154.25,155.26 1 0
robot_tracker_go/internal/tracking/kalman.go:155.26,157.27 2 0
robot_tracker_go/internal/tracking/kalman.go:157.27,159.5 1 0
robot_tracker_go/internal/tracking/kalman.go:160.4,161.27 2 0
robot_tracker_go/internal/tracking/kalman.go:161.27,163.5 1 0
robot_tracker_go/internal/tracking/kalman.go:167.2,169.13 2 0
robot_tracker_go/internal/tracking/kalman.go:172.47,174.2 1 1
robot_tracker_go/internal/tracking/kalman.go:176.55,178.2 1 1
robot_tracker_go/internal/tracking/kalman.go:180.51,184.2 3 1
robot_tracker_go/internal/tracking/kalman.go:186.61,191.12 5 1
robot_tracker_go/internal/tracking/kalman.go:191.12,193.3 1 0
robot_tracker_go/internal/tracking/kalman.go:194.2,194.12 1 1
robot_tracker_go/internal/tracking/kalman.go:194.12,196.3 1 0
robot_tracker_go/internal/tracking/kalman.go:197.2,197.31 1 1
robot_tracker_go/internal/tracking/types.go:39.79,50.2 1 1
robot_tracker_go/internal/tracking/types.go:52.49,54.23 2 1
robot_tracker_go/internal/tracking/types.go:54.23,56.3 1 1
robot_tracker_go/internal/tracking/types.go:58.2,59.29 2 1
robot_tracker_go/internal/tracking/types.go:59.29,64.3 1 1
robot_tracker_go/internal/tracking/types.go:66.2,79.23 2 1
robot_tracker_go/internal/tracking/types.go:79.23,81.3 1 0
robot_tracker_go/internal/tracking/types.go:83.2,83.15 1 1
robot_tracker_go/internal/tracking/types.go:86.38,87.17 1 1
robot_tracker_go/internal/tracking/types.go:88.27,89.21 1 1
robot_tracker_go/internal/tracking/types.go:90.27,91.21 1 1
robot_tracker_go/internal/tracking/types.go:92.22,93.16 1 1
robot_tracker_go/internal/tracking/types.go:94.10,95.19 1 1
robot_tracker_go/internal/tracking/types.go:99.68,111.26 7 1
robot_tracker_go/internal/tracking/types.go:111.26,113.3 1 0
robot_tracker_go/internal/tracking/types.go:115.2,115.17 1 1
robot_tracker_go/internal/tracking/types.go:115.17,117.3 1 1
robot_tracker_go/internal/tracking/types.go:120.28,122.2 1 1
robot_tracker_go/internal/ui/webserver.go:159.42,161.3 1 0
robot_tracker_go/internal/ui/webserver.go:164.43,181.2 7 0
robot_tracker_go/internal/ui/webserver.go:183.39,184.30 1 0
robot_tracker_go/internal/ui/webserver.go:184.30,188.36 4 0
robot_tracker_go/internal/ui/webserver.go:188.36,191.4 2 0
robot_tracker_go/internal/ui/webserver.go:192.3,192.11 1 0
robot_tracker_go/internal/ui/webserver.go:196.35,198.16 2 0
robot_tracker_go/internal/ui/webserver.go:198.16,200.3 1 0
robot_tracker_go/internal/ui/webserver.go:200.8,202.3 1 0
robot_tracker_go/internal/ui/webserver.go:203.2,219.69 17 0
robot_tracker_go/internal/ui/webserver.go:222.49,227.16 5 0
robot_tracker_go/internal/ui/webserver.go:227.16,230.3 2 0
robot_tracker_go/internal/ui/webserver.go:231.2,231.47 1 0
robot_tracker_go/internal/ui/webserver.go:234.49,236.2 1 0
robot_tracker_go/internal/ui/webserver.go:238.53,240.16 2 0
robot_tracker_go/internal/ui/webserver.go:240.16,242.3 1 0
robot_tracker_go/internal/ui/webserver.go:244.2,248.21 4 0
robot_tracker_go/internal/ui/webserver.go:251.52,252.15 1 0
robot_tracker_go/internal/ui/webserver.go:252.15,257.3 4 0
robot_tracker_go/internal/ui/webserver.go:259.2,259.6 1 0
robot_tracker_go/internal/ui/webserver.go:259.6,261.17 2 0
robot_tracker_go/internal/ui/webserver.go:261.17,262.9 1 0
robot_tracker_go/internal/ui/webserver.go:264.3,265.76 2 0
robot_tracker_go/internal/ui/webserver.go:265.76,267.4 1 0
robot_tracker_go/internal/ui/webserver.go:271.50,277.32 3 0
robot_tracker_go/internal/ui/webserver.go:277.32,279.3 1 0
robot_tracker_go/internal/ui/webserver.go:280.2,280.25 1 0
robot_tracker_go/internal/ui/webserver.go:283.58,285.32 2 0
robot_tracker_go/internal/ui/webserver.go:285.32,287.3 1 0
robot_tracker_go/internal/ui/webserver.go:288.2,288.25 1 0
robot_tracker_go/internal/ui/webserver.go:291.42,296.34 4 0
robot_tracker_go/internal/ui/webserver.go:296.34,306.3 1 0
robot_tracker_go/internal/ui/webserver.go:308.2,314.4 1 0
robot_tracker_go/internal/ui/webserver.go:317.62,319.31 2 0
robot_tracker_go/internal/ui/webserver.go:319.31,322.36 3 0
robot_tracker_go/internal/ui/webserver.go:322.36,324.4 1 0
robot_tracker_go/internal/ui/webserver.go:325.3,333.29 2 0
robot_tracker_go/internal/ui/webserver.go:333.29,335.4 1 0
robot_tracker_go/internal/ui/webserver.go:336.3,336.45 1 0
robot_tracker_go/internal/ui/webserver.go:338.2,341.4 1 0
robot_tracker_go/internal/ui/webserver.go:344.51,346.47 2 0
robot_tracker_go/internal/ui/webserver.go:346.47,349.3 2 0
robot_tracker_go/internal/ui/webserver.go:350.2,350.70 1 0
robot_tracker_go/internal/ui/webserver.go:353.55,355.47 2 0
robot_tracker_go/internal/ui/webserver.go:355.47,358.3 2 0
robot_tracker_go/internal/ui/webserver.go:360.2,364.24 4 0
robot_tracker_go/internal/ui/webserver.go:364.24,368.33 3 0
robot_tracker_go/internal/ui/webserver.go:368.33,370.90 1 0
robot_tracker_go/internal/ui/webserver.go:370.90,378.5 3 0
robot_tracker_go/internal/ui/webserver.go:382.2,391.31 4 0
robot_tracker_go/internal/ui/webserver.go:391.31,393.3 1 0
robot_tracker_go/internal/ui/webserver.go:395.2,400.66 2 0
robot_tracker_go/internal/ui/webserver.go:403.50,417.2 5 0
robot_tracker_go/internal/ui/webserver.go:419.48,421.2 1 0
robot_tracker_go/internal/ui/webserver.go:423.91,440.2 7 0
robot_tracker_go/internal/ui/webserver.go:449.61,463.2 7 0
robot_tracker_go/internal/ui/webserver.go:465.60,467.47 2 0
robot_tracker_go/internal/ui/webserver.go:467.47,470.3 2 0
robot_tracker_go/internal/ui/webserver.go:472.2,473.18 2 0
robot_tracker_go/internal/ui/webserver.go:473.18,475.3 1 0
robot_tracker_go/internal/ui/webserver.go:477.2,479.68 2 0
robot_tracker_go/internal/ui/webserver.go:493.64,498.2 4 0
robot_tracker_go/internal/ui/webserver.go:500.67,502.49 2 0
robot_tracker_go/internal/ui/webserver.go:502.49,504.3 1 0
robot_tracker_go/internal/ui/webserver.go:505.2,507.64 3 0
robot_tracker_go/internal/ui/webserver.go:528.62,530.47 2 0
robot_tracker_go/internal/ui/webserver.go:530.47,533.3 2 0
robot_tracker_go/internal/ui/webserver.go:535.2,536.18 2 0
robot_tracker_go/internal/ui/webserver.go:536.18,538.3 1 0
robot_tracker_go/internal/ui/webserver.go:540.2,558.16 6 0
robot_tracker_go/internal/ui/webserver.go:558.16,561.3 2 0
robot_tracker_go/internal/ui/webserver.go:563.2,608.44 11 0
robot_tracker_go/internal/ui/webserver.go:608.44,610.17 2 0
robot_tracker_go/internal/ui/webserver.go:610.17,612.4 1 0
robot_tracker_go/internal/ui/webserver.go:613.3,614.48 2 0
robot_tracker_go/internal/ui/webserver.go:614.48,616.4 1 0
robot_tracker_go/internal/ui/webserver.go:617.3,617.60 1 0
robot_tracker_go/internal/ui/webserver.go:617.60,619.4 1 0
robot_tracker_go/internal/ui/webserver.go:620.3,620.13 1 0
robot_tracker_go/internal/ui/webserver.go:623.2,623.47 1 0
robot_tracker_go/internal/ui/webserver.go:623.47,625.3 1 0
robot_tracker_go/internal/ui/webserver.go:627.2,640.4 2 0
robot_tracker_go/internal/ui/webserver.go:643.55,646.2 2 0
robot_tracker_go/internal/ui/webserver.go:648.45,652.21 4 0
robot_tracker_go/internal/ui/webserver.go:652.21,654.3 1 0
robot_tracker_go/internal/ui/webserver.go:655.2,655.18 1 0
robot_tracker_go/internal/ui/webserver.go:658.29,660.12 2 0
robot_tracker_go/internal/ui/webserver.go:660.12,665.97 2 0
robot_tracker_go/internal/ui/webserver.go:665.97,667.4 1 0
robot_tracker_go/internal/ui/webserver.go:671.28,675.2 3 0
robot_tracker_go/internal/ui/webserver.go:677.48,678.16 1 0
robot_tracker_go/internal/ui/webserver.go:678.16,680.3 1 0
robot_tracker_go/internal/ui/webserver.go:681.2,686.47 5 0
robot_tracker_go/internal/ui/webserver.go:686.47,687.48 1 0
robot_tracker_go/internal/ui/webserver.go:687.48,693.4 5 0
robot_tracker_go/internal/ui/webserver.go:695.2,695.26 1 0
robot_tracker_go/internal/ui/webserver.go:698.50,699.24 1 0
robot_tracker_go/internal/ui/webserver.go:699.24,701.3 1 0
robot_tracker_go/internal/ui/webserver.go:702.2,702.31 1 0
robot_tracker_go/internal/ui/webserver.go:705.58,710.2 4 0
robot_tracker_go/internal/ui/webserver.go:712.61,715.2 2 0
robot_tracker_go/internal/ui/webserver.go:717.47,718.27 1 0
robot_tracker_go/internal/ui/webserver.go:718.27,720.3 1 0
robot_tracker_go/internal/ui/webserver.go:721.2,721.24 1 0
robot_tracker_go/internal/ui/webserver.go:721.24,724.3 2 0
robot_tracker_go/internal/ui/webserver.go:725.2,725.32 1 0
robot_tracker_go/internal/ui/webserver.go:728.51,730.2 1 0
robot_tracker_go/internal/ui/webserver.go:732.57,737.34 4 0
robot_tracker_go/internal/ui/webserver.go:737.34,747.3 1 0
robot_tracker_go/internal/ui/webserver.go:749.2,753.4 1 0
robot_tracker_go/internal/ui/webserver.go:756.55,758.47 2 0
robot_tracker_go/internal/ui/webserver.go:758.47,761.3 2 0
robot_tracker_go/internal/ui/webserver.go:763.2,773.20 3 0
robot_tracker_go/internal/ui/webserver.go:773.20,775.3 1 0
robot_tracker_go/internal/ui/webserver.go:777.2,783.33 5 0
robot_tracker_go/internal/ui/webserver.go:783.33,788.3 4 0
robot_tracker_go/internal/ui/webserver.go:790.2,790.92 1 0
robot_tracker_go/internal/ui/webserver.go:793.58,799.34 4 0
robot_tracker_go/internal/ui/webserver.go:799.34,800.21 1 0
robot_tracker_go/internal/ui/webserver.go:800.21,802.4 1 0
robot_tracker_go/internal/ui/webserver.go:804.2,810.33 5 0
robot_tracker_go/internal/ui/webserver.go:810.33,815.3 4 0
robot_tracker_go/internal/ui/webserver.go:817.2,817.83 1 0
robot_tracker_go/internal/ui/webserver.go:820.58,823.47 3 0
robot_tracker_go/internal/ui/webserver.go:823.47,826.3 2 0
robot_tracker_go/internal/ui/webserver.go:828.2,830.34 2 0
robot_tracker_go/internal/ui/webserver.go:830.34,831.21 1 0
robot_tracker_go/internal/ui/webserver.go:831.21,839.9 2 0
robot_tracker_go/internal/ui/webserver.go:842.2,847.33 4 0
robot_tracker_go/internal/ui/webserver.go:847.33,852.3 4 0
robot_tracker_go/internal/ui/webserver.go:854.2,854.56 1 0
robot_tracker_go/internal/ui/webserver.go:857.58,866.33 6 0
robot_tracker_go/internal/ui/webserver.go:866.33,868.3 1 0
robot_tracker_go/internal/ui/webserver.go:870.2,870.58 1 0
robot_tracker_go/internal/ui/webserver.go:873.57,880.47 6 0
robot_tracker_go/internal/ui/webserver.go:880.47,883.3 2 0
robot_tracker_go/internal/ui/webserver.go:885.2,885.63 1 0
robot_tracker_go/internal/ui/webserver.go:885.63,888.3 2 0
robot_tracker_go/internal/ui/webserver.go:890.2,899.4 5 0
robot_tracker_go/internal/ui/webserver.go:902.91,905.32 2 0
robot_tracker_go/internal/ui/webserver.go:905.32,913.27 8 0
robot_tracker_go/internal/ui/webserver.go:913.27,915.4 1 0
robot_tracker_go/internal/ui/webserver.go:918.2,918.54 1 0
robot_tracker_go/internal/ui/webserver.go:921.56,925.2 3 0
robot_tracker_go/internal/ui/webserver.go:927.65,932.33 4 0
robot_tracker_go/internal/ui/webserver.go:932.33,934.3 1 0
robot_tracker_go/internal/ui/webserver.go:937.59,941.2 3 0
robot_tracker_go/internal/utils/utils.go:5.21,6.11 1 0
robot_tracker_go/internal/utils/utils.go:6.11,8.3 1 0
robot_tracker_go/internal/utils/utils.go:9.2,9.10 1 0
robot_tracker_go/internal/utils/utils.go:12.36,13.11 1 0
robot_tracker_go/internal/utils/utils.go:13.11,15.3 1 0
robot_tracker_go/internal/utils/utils.go:16.2,16.10 1 0
robot_tracker_go/internal/utils/utils.go:19.24,20.11 1 0
robot_tracker_go/internal/utils/utils.go:20.11,22.3 1 0
robot_tracker_go/internal/utils/utils.go:23.2,23.10 1 0
robot_tracker_go/internal/utils/utils.go:26.24,27.11 1 0
robot_tracker_go/internal/utils/utils.go:27.11,29.3 1 0
robot_tracker_go/internal/utils/utils.go:30.2,30.10 1 0
robot_tracker_go/internal/utils/utils.go:33.39,34.11 1 0
robot_tracker_go/internal/utils/utils.go:34.11,36.3 1 0
robot_tracker_go/internal/utils/utils.go:37.2,37.10 1 0
robot_tracker_go/internal/utils/utils.go:40.39,41.11 1 0
robot_tracker_go/internal/utils/utils.go:41.11,43.3 1 0
robot_tracker_go/internal/utils/utils.go:44.2,44.10 1 0
robot_tracker_go/internal/utils/utils.go:47.35,50.2 2 0
robot_tracker_go/internal/utils/utils.go:52.39,53.25 1 0
robot_tracker_go/internal/utils/utils.go:54.15,55.13 1 0
robot_tracker_go/internal/utils/utils.go:56.15,57.22 1 0
robot_tracker_go/internal/utils/utils.go:58.11,59.22 1 0
robot_tracker_go/internal/utils/utils.go:60.13,61.22 1 0
robot_tracker_go/internal/utils/utils.go:62.10,63.11 1 0
robot_tracker_go/internal/utils/utils.go:67.45,68.29 1 0
robot_tracker_go/internal/utils/utils.go:68.29,70.3 1 0
robot_tracker_go/internal/utils/utils.go:71.2,71.46 1 0
robot_tracker_go/internal/utils/utils.go:71.46,72.38 1 0
robot_tracker_go/internal/utils/utils.go:72.38,74.4 1 0
robot_tracker_go/internal/utils/utils.go:76.2,76.14 1 0
